// Jest Snapshot v1, https://goo.gl/fbAQLP

exports[`DaysSelector Should render. 1`] = `
<select class="days">
  <option value="0">
    Today
  </option>
  <option value="1">
    Yesterday
  </option>
  <option value="2">
    2 days ago
  </option>
  <option value="3">
    3 days ago
  </option>
  <option value="4">
    4 days ago
  </option>
  <option value="5">
    5 days ago
  </option>
  <option value="6">
    6 days ago
  </option>
  <option value="7">
    7 days ago
  </option>
  <option value="8">
    8 days ago
  </option>
  <option value="9">
    9 days ago
  </option>
  <option value="10">
    10 days ago
  </option>
  <option value="11">
    11 days ago
  </option>
  <option value="12">
    12 days ago
  </option>
  <option value="13">
    13 days ago
  </option>
  <option value="14">
    14 days ago
  </option>
  <option value="15">
    15 days ago
  </option>
  <option value="16">
    16 days ago
  </option>
  <option value="17">
    17 days ago
  </option>
  <option value="18">
    18 days ago
  </option>
  <option value="19">
    19 days ago
  </option>
  <option value="20">
    20 days ago
  </option>
  <option value="21">
    21 days ago
  </option>
  <option value="22">
    22 days ago
  </option>
  <option value="23">
    23 days ago
  </option>
  <option value="24">
    24 days ago
  </option>
  <option value="25">
    25 days ago
  </option>
  <option value="26">
    26 days ago
  </option>
  <option value="27">
    27 days ago
  </option>
  <option value="28">
    28 days ago
  </option>
  <option value="29">
    29 days ago
  </option>
  <option value="30">
    30 days ago
  </option>
</select>
`;
