// Jest Snapshot v1, https://goo.gl/fbAQLP

exports[`ProductViewer Should render. 1`] = `
<div class="product-viewer">
  <daysselector-stub></daysselector-stub>
  <stats-stub posts="2" votes="419" comments="400" makers="4"></stats-stub>
  <posts-stub posts="[object Object]"></posts-stub>
</div>
`;
